"Map file Unique ID","1234567890","",""
"Bold","SC ","EBU","No"
"Normal","SC ","EBC","No"
"Make them ALL","S  ","EN ","No"
"----Bold","S  ","EN ","No"
"----Normal","S  ","EN ","No"
"/separator/","S  ","EN ","No"
"Enabled","SC ","EBC","No"
"Disabled","SC ","EBU","No"
"Grayed","SC ","EBU","No"
"Make them ALL","S  ","EN ","No"
"----Enabled","S  ","EN ","No"
"----Disabled","S  ","EN ","No"
"----Grayed","S  ","EN ","No"
"/separator/","S  ","EN ","No"
"Checked ?","SC ","EBU","No"
"----Not Checked","SC ","ENU","No"
"----On Start Checked","SC ","EN ","No"
"--------With Checkmark","SC ","ENU","No"
"--------With RadioButton","SC ","ENU","No"
"--------With Pictures","SC ","ENU","No"
"----On Start Unchecked","SC ","ENU","No"
"--------With Checkmark","SC ","ENU","No"
"--------With RadioButton","SC ","ENU","No"
"--------With Pictures","SC ","ENU","No"
"Make Them ALL","S  ","EN ","No"
"----Not Checked","S  ","EN ","No"
"----On Start Checked","SC ","EN ","No"
"--------With Checkmark","S  ","EN ","No"
"--------With RadioButton","S  ","EN ","No"
"--------With Pictures","S  ","EN ","No"
"----On Start Unchecked","S  ","EN ","No"
"--------With Checkmark","S  ","EN ","No"
"--------With RadioButton","S  ","EN ","No"
"--------With Pictures","S  ","EN ","No"
"/separator/","SC ","EN ","No"
"Picture ?","SC ","EBU","No"
"----Yes","SC ","ENU","No"
"----No","SC ","ENC","No"
"----Yes for all","S  ","EN ","No"
"----No for all","S  ","EN ","No"
"/separator/","S  ","EN ","No"
"Insert Column Break","SC ","EBU","No"
"----With dividing line","SC ","ENU","No"
"----Without dividing line","SC ","ENU","No"
"----Delete col. break","S  ","EN ","No"
"/separator/","S  ","EN ","No"
"Close menu","S  ","EN ","No"
"Help","S  ","EN ","No"
"GS","","",""
"TPM_RIGHTALIGN = &H8&","","",""
"TPM_LEFTBUTTON = &H0","","",""
"DEFAULT MENU COLORS","","",""
